../Core/Src/stm32f4xx_it.c:65:6:StartTimers	8	static
../Core/Src/stm32f4xx_it.c:71:6:StopTimers	8	static
../Core/Src/stm32f4xx_it.c:91:6:NMI_Handler	4	static
../Core/Src/stm32f4xx_it.c:106:6:HardFault_Handler	4	static
../Core/Src/stm32f4xx_it.c:121:6:MemManage_Handler	4	static
../Core/Src/stm32f4xx_it.c:136:6:BusFault_Handler	4	static
../Core/Src/stm32f4xx_it.c:151:6:UsageFault_Handler	4	static
../Core/Src/stm32f4xx_it.c:166:6:SVC_Handler	4	static
../Core/Src/stm32f4xx_it.c:179:6:DebugMon_Handler	4	static
../Core/Src/stm32f4xx_it.c:192:6:PendSV_Handler	4	static
../Core/Src/stm32f4xx_it.c:205:6:SysTick_Handler	8	static
../Core/Src/stm32f4xx_it.c:226:6:TIM1_UP_TIM10_IRQHandler	8	static
../Core/Src/stm32f4xx_it.c:240:6:EXTI15_10_IRQHandler	8	static
../Core/Src/stm32f4xx_it.c:262:6:TIM6_DAC_IRQHandler	8	static
../Core/Src/stm32f4xx_it.c:276:6:TIM7_IRQHandler	8	static
